Makefile
README.md
Shell Project.pdf
run.sh
src
test.sh
